// Jest Snapshot v1, https://goo.gl/fbAQLP

exports[`VPCスタックがスナップショットと一致している 1`] = `
{
  "Outputs": {
    "PublicNetAvailabilityZone0": {
      "Export": {
        "Name": "gbraver-buesr-sls-dev-gXXXXX:PublicNetAvailabilityZone0",
      },
      "Value": {
        "Fn::Select": [
          0,
          {
            "Fn::GetAZs": "",
          },
        ],
      },
    },
    "PublicNetAvailabilityZone1": {
      "Export": {
        "Name": "gbraver-buesr-sls-dev-gXXXXX:PublicNetAvailabilityZone1",
      },
      "Value": {
        "Fn::Select": [
          1,
          {
            "Fn::GetAZs": "",
          },
        ],
      },
    },
    "PublicSubnetId0": {
      "Export": {
        "Name": "gbraver-buesr-sls-dev-gXXXXX:PublicSubnetId0",
      },
      "Value": {
        "Ref": "vpcPublicSubnetSubnet1Subnet031C8F62",
      },
    },
    "PublicSubnetId1": {
      "Export": {
        "Name": "gbraver-buesr-sls-dev-gXXXXX:PublicSubnetId1",
      },
      "Value": {
        "Ref": "vpcPublicSubnetSubnet2Subnet591FB8AD",
      },
    },
    "SubnetCount": {
      "Export": {
        "Name": "gbraver-buesr-sls-dev-gXXXXX:SubnetCount",
      },
      "Value": "2",
    },
    "VpcId": {
      "Export": {
        "Name": "gbraver-buesr-sls-dev-gXXXXX:VpcId",
      },
      "Value": {
        "Ref": "vpcA2121C38",
      },
    },
  },
  "Parameters": {
    "BootstrapVersion": {
      "Default": "/cdk-bootstrap/hnb659fds/version",
      "Description": "Version of the CDK Bootstrap resources in this environment, automatically retrieved from SSM Parameter Store. [cdk:skip]",
      "Type": "AWS::SSM::Parameter::Value<String>",
    },
  },
  "Resources": {
    "vpcA2121C38": {
      "Properties": {
        "CidrBlock": "172.16.0.0/16",
        "EnableDnsHostnames": true,
        "EnableDnsSupport": true,
        "InstanceTenancy": "default",
        "Tags": [
          {
            "Key": "Name",
            "Value": "gbraver-buesr-sls-dev-gXXXXX/vpc",
          },
        ],
      },
      "Type": "AWS::EC2::VPC",
    },
    "vpcEIGW693EAFBD1": {
      "Properties": {
        "VpcId": {
          "Ref": "vpcA2121C38",
        },
      },
      "Type": "AWS::EC2::EgressOnlyInternetGateway",
    },
    "vpcIGWE57CBDCA": {
      "Properties": {
        "Tags": [
          {
            "Key": "Name",
            "Value": "gbraver-buesr-sls-dev-gXXXXX/vpc",
          },
        ],
      },
      "Type": "AWS::EC2::InternetGateway",
    },
    "vpcPublicSubnetSubnet1DefaultRoute659C75CAD": {
      "DependsOn": [
        "vpcipv6cidr41CEB63E",
      ],
      "Properties": {
        "DestinationIpv6CidrBlock": "::/0",
        "GatewayId": {
          "Ref": "vpcIGWE57CBDCA",
        },
        "RouteTableId": {
          "Ref": "vpcPublicSubnetSubnet1RouteTable8370FADE",
        },
      },
      "Type": "AWS::EC2::Route",
    },
    "vpcPublicSubnetSubnet1DefaultRoute88AEC4F6": {
      "DependsOn": [
        "vpcipv6cidr41CEB63E",
        "vpcVPCGW7984C166",
      ],
      "Properties": {
        "DestinationCidrBlock": "0.0.0.0/0",
        "GatewayId": {
          "Ref": "vpcIGWE57CBDCA",
        },
        "RouteTableId": {
          "Ref": "vpcPublicSubnetSubnet1RouteTable8370FADE",
        },
      },
      "Type": "AWS::EC2::Route",
    },
    "vpcPublicSubnetSubnet1RouteTable8370FADE": {
      "DependsOn": [
        "vpcipv6cidr41CEB63E",
      ],
      "Properties": {
        "Tags": [
          {
            "Key": "Name",
            "Value": "gbraver-buesr-sls-dev-gXXXXX/vpc/PublicSubnetSubnet1",
          },
        ],
        "VpcId": {
          "Ref": "vpcA2121C38",
        },
      },
      "Type": "AWS::EC2::RouteTable",
    },
    "vpcPublicSubnetSubnet1RouteTableAssociation03099B2F": {
      "DependsOn": [
        "vpcipv6cidr41CEB63E",
      ],
      "Properties": {
        "RouteTableId": {
          "Ref": "vpcPublicSubnetSubnet1RouteTable8370FADE",
        },
        "SubnetId": {
          "Ref": "vpcPublicSubnetSubnet1Subnet031C8F62",
        },
      },
      "Type": "AWS::EC2::SubnetRouteTableAssociation",
    },
    "vpcPublicSubnetSubnet1Subnet031C8F62": {
      "DependsOn": [
        "vpcipv6cidr41CEB63E",
      ],
      "Properties": {
        "AssignIpv6AddressOnCreation": true,
        "AvailabilityZone": {
          "Fn::Select": [
            0,
            {
              "Fn::GetAZs": "",
            },
          ],
        },
        "CidrBlock": "172.16.0.0/24",
        "Ipv6CidrBlock": {
          "Fn::Select": [
            0,
            {
              "Fn::Cidr": [
                {
                  "Fn::Select": [
                    0,
                    {
                      "Fn::GetAtt": [
                        "vpcA2121C38",
                        "Ipv6CidrBlocks",
                      ],
                    },
                  ],
                },
                2,
                "64",
              ],
            },
          ],
        },
        "MapPublicIpOnLaunch": false,
        "Tags": [
          {
            "Key": "aws-cdk:subnet-name",
            "Value": "PublicSubnet",
          },
          {
            "Key": "aws-cdk:subnet-type",
            "Value": "Public",
          },
          {
            "Key": "Name",
            "Value": "gbraver-buesr-sls-dev-gXXXXX/vpc/PublicSubnetSubnet1",
          },
        ],
        "VpcId": {
          "Ref": "vpcA2121C38",
        },
      },
      "Type": "AWS::EC2::Subnet",
    },
    "vpcPublicSubnetSubnet2DefaultRoute24DE7C87": {
      "DependsOn": [
        "vpcipv6cidr41CEB63E",
        "vpcVPCGW7984C166",
      ],
      "Properties": {
        "DestinationCidrBlock": "0.0.0.0/0",
        "GatewayId": {
          "Ref": "vpcIGWE57CBDCA",
        },
        "RouteTableId": {
          "Ref": "vpcPublicSubnetSubnet2RouteTable187EC9B4",
        },
      },
      "Type": "AWS::EC2::Route",
    },
    "vpcPublicSubnetSubnet2DefaultRoute6B868AF84": {
      "DependsOn": [
        "vpcipv6cidr41CEB63E",
      ],
      "Properties": {
        "DestinationIpv6CidrBlock": "::/0",
        "GatewayId": {
          "Ref": "vpcIGWE57CBDCA",
        },
        "RouteTableId": {
          "Ref": "vpcPublicSubnetSubnet2RouteTable187EC9B4",
        },
      },
      "Type": "AWS::EC2::Route",
    },
    "vpcPublicSubnetSubnet2RouteTable187EC9B4": {
      "DependsOn": [
        "vpcipv6cidr41CEB63E",
      ],
      "Properties": {
        "Tags": [
          {
            "Key": "Name",
            "Value": "gbraver-buesr-sls-dev-gXXXXX/vpc/PublicSubnetSubnet2",
          },
        ],
        "VpcId": {
          "Ref": "vpcA2121C38",
        },
      },
      "Type": "AWS::EC2::RouteTable",
    },
    "vpcPublicSubnetSubnet2RouteTableAssociation86760EC0": {
      "DependsOn": [
        "vpcipv6cidr41CEB63E",
      ],
      "Properties": {
        "RouteTableId": {
          "Ref": "vpcPublicSubnetSubnet2RouteTable187EC9B4",
        },
        "SubnetId": {
          "Ref": "vpcPublicSubnetSubnet2Subnet591FB8AD",
        },
      },
      "Type": "AWS::EC2::SubnetRouteTableAssociation",
    },
    "vpcPublicSubnetSubnet2Subnet591FB8AD": {
      "DependsOn": [
        "vpcipv6cidr41CEB63E",
      ],
      "Properties": {
        "AssignIpv6AddressOnCreation": true,
        "AvailabilityZone": {
          "Fn::Select": [
            1,
            {
              "Fn::GetAZs": "",
            },
          ],
        },
        "CidrBlock": "172.16.1.0/24",
        "Ipv6CidrBlock": {
          "Fn::Select": [
            1,
            {
              "Fn::Cidr": [
                {
                  "Fn::Select": [
                    0,
                    {
                      "Fn::GetAtt": [
                        "vpcA2121C38",
                        "Ipv6CidrBlocks",
                      ],
                    },
                  ],
                },
                2,
                "64",
              ],
            },
          ],
        },
        "MapPublicIpOnLaunch": false,
        "Tags": [
          {
            "Key": "aws-cdk:subnet-name",
            "Value": "PublicSubnet",
          },
          {
            "Key": "aws-cdk:subnet-type",
            "Value": "Public",
          },
          {
            "Key": "Name",
            "Value": "gbraver-buesr-sls-dev-gXXXXX/vpc/PublicSubnetSubnet2",
          },
        ],
        "VpcId": {
          "Ref": "vpcA2121C38",
        },
      },
      "Type": "AWS::EC2::Subnet",
    },
    "vpcVPCGW7984C166": {
      "Properties": {
        "InternetGatewayId": {
          "Ref": "vpcIGWE57CBDCA",
        },
        "VpcId": {
          "Ref": "vpcA2121C38",
        },
      },
      "Type": "AWS::EC2::VPCGatewayAttachment",
    },
    "vpcipv6cidr41CEB63E": {
      "Properties": {
        "AmazonProvidedIpv6CidrBlock": true,
        "VpcId": {
          "Ref": "vpcA2121C38",
        },
      },
      "Type": "AWS::EC2::VPCCidrBlock",
    },
  },
  "Rules": {
    "CheckBootstrapVersion": {
      "Assertions": [
        {
          "Assert": {
            "Fn::Not": [
              {
                "Fn::Contains": [
                  [
                    "1",
                    "2",
                    "3",
                    "4",
                    "5",
                  ],
                  {
                    "Ref": "BootstrapVersion",
                  },
                ],
              },
            ],
          },
          "AssertDescription": "CDK bootstrap stack version 6 required. Please run 'cdk bootstrap' with a recent version of the CDK CLI.",
        },
      ],
    },
  },
}
`;
